12:38:24  === sku_pixel_reader (v2) started  cell=16 screen=2880x1800  yRow=1792 ===
12:38:24  NVDA client loaded, testIfRunning=0 -> nvdaOk=yes
12:38:24  SAPI ready
12:38:43  === sku_pixel_reader (v2) started  cell=16 screen=2880x1800  yRow=1792 ===
12:38:43  NVDA client loaded, testIfRunning=0 -> nvdaOk=yes
12:38:43  SAPI ready
12:50:36  === sku_pixel_reader (v2) started  cell=16 screen=2880x1800  yRow=1792 ===
12:50:36  NVDA client loaded, testIfRunning=0 -> nvdaOk=yes
12:50:36  SAPI ready
12:51:30  === sku_pixel_reader (v2) started  cell=16 screen=2880x1800  yRow=1792 ===
12:51:30  NVDA client loaded, testIfRunning=0 -> nvdaOk=yes
12:51:30  SAPI ready
13:15:11  === reader started  screen=2880x1800 ===
13:15:11  NVDA client loaded -> nvdaOk=yes
13:15:11  SAPI ready
13:15:14  marker found at ox=160 cy=1791
13:15:14  #5 ox=160 cy=1791 (26b) Glendis ist jetzt offline.
13:15:24  #6 ox=160 cy=1791 (24b) Auktionator Schildbuckel
13:15:30  #7 ox=160 cy=1791 (9b) male-Nord
13:15:30  #9 ox=160 cy=1791 (8b) male-Ost
13:15:32  #10 ox=160 cy=1791 (12b) male-Südost
13:15:34  #13 ox=160 cy=1791 (24b) Auktionator Schildbuckel
13:15:37  #15 ox=160 cy=1791 (9b) male-West
13:15:38  #0 ox=160 cy=1791 (13b) male-Nordwest
13:15:39  #1 ox=160 cy=1791 (9b) male-Nord
13:15:48  #3 ox=160 cy=1791 (64b) Sku pixel bridge: TEST sent. phys=2880x1800  virt=1365x853  cell
